【網路收集系列】福利姬小新與他的幼喵 大尺度VIP 福利帖【40P】
https://www.mymypic.net/data/attachment/forum/202001/13/213059au2ua6lvlwwx2y4x.jpg.thumb.jpg
https://www.mymypic.net/data/attachment/forum/202001/13/213101ohh7767n9n9o96p5.jpg.thumb.jpg
https://www.mymypic.net/data/attachment/forum/202001/13/2131318h0zv232aw2wcrr8.jpg.thumb.jpg
https://www.mymypic.net/data/attachment/forum/202001/13/213231es7oax7za75z87cc.jpg
https://www.mymypic.net/data/attachment/forum/202001/13/21323276d6o8bfbqx6prj7.jpg
https://www.mymypic.net/data/attachment/forum/202001/13/2132322vuumz8zlclsfujt.jpg
https://www.mymypic.net/data/attachment/forum/202001/13/213232p4di1uzpaqp2pv1v.jpg
【網路收集系列】美模VS色影師鹹豬手73【100P】
https://www.mymypic.net/data/attachment/forum/202001/13/213333a36st208l07b8bu6.jpg.thumb.jpg
https://www.mymypic.net/data/attachment/forum/202001/13/2133348ukbmgqkok48fbka.jpg.thumb.jpg
https://www.mymypic.net/data/attachment/forum/202001/13/213335qm06wvv73wsm1uhb.jpg.thumb.jpg
https://www.mymypic.net/data/attachment/forum/202001/13/213337xoi8smk1e1exnbym.jpg.thumb.jpg
https://www.mymypic.net/data/attachment/forum/202001/13/213339odkkpokoqxc06kts.jpg.thumb.jpg
https://www.mymypic.net/data/attachment/forum/202001/13/213403im4oyh0vwwjuyvav.jpg.thumb.jpg
https://www.mymypic.net/data/attachment/forum/202001/13/2134055jybey35t5k3jjj0.jpg.thumb.jpg
https://www.mymypic.net/data/attachment/forum/202001/13/21340611yowxuzxrkquipp.jpg.thumb.jpg
https://www.mymypic.net/data/attachment/forum/202001/13/21340908nvzyn8wsz0s0uj.jpg.thumb.jpg
https://www.mymypic.net/data/attachment/forum/202001/13/215306dj6sqoee5jhgg8fd.jpg.thumb.jpg
https://www.mymypic.net/data/attachment/forum/202001/13/21530758hexj89ed588qcu.jpg.thumb.jpg
【Xiuren秀人網系列】2019.11.26 No.1805 夢心月 性感寫真【89P】
https://www.mymypic.net/data/attachment/forum/202001/15/202805a5tbdoaguwrgouot.jpg.thumb.jpg
https://www.mymypic.net/data/attachment/forum/202001/15/202806n4a3rnw5nlg3gc55.jpg.thumb.jpg
https://www.mymypic.net/data/attachment/forum/202001/15/202809xqblqwz0ow44uv5i.jpg.thumb.jpg
https://www.mymypic.net/data/attachment/forum/202001/15/202955oyjv3touuotzonfv.jpg.thumb.jpg
https://www.mymypic.net/data/attachment/forum/202001/15/2029571aab2patuwjhrxy3.jpg.thumb.jpg
https://www.mymypic.net/data/attachment/forum/202001/15/202958d1zmdyhmwpwwf7lw.jpg.thumb.jpg
https://www.mymypic.net/data/attachment/forum/202001/15/202959kyhkh5e5zhedekhf.jpg.thumb.jpg
https://www.mymypic.net/data/attachment/forum/202001/15/20300019yas9h5yma9v5sm.jpg.thumb.jpg
https://www.mymypic.net/data/attachment/forum/202001/15/203013zpjng1n1jamp0lld.jpg.thumb.jpg
https://www.mymypic.net/data/attachment/forum/202001/15/2030141b8in2s8zanrj8h1.jpg.thumb.jpg
https://www.mymypic.net/data/attachment/forum/202001/15/203016dffggcg9htcocgkc.jpg.thumb.jpg
https://www.mymypic.net/data/attachment/forum/202001/15/203017ggoh9gzq9fvo8gf4.jpg.thumb.jpg
https://www.mymypic.net/data/attachment/forum/202001/15/203018akw4m7outtw6480o.jpg.thumb.jpg
【Xiuren秀人網系列】2019.11.21 No.1800 BABY_柒 性感寫真【43P】
https://www.mymypic.net/data/attachment/forum/202001/15/1945316k9jw998wiwt9v0l.jpg.thumb.jpg
https://www.mymypic.net/data/attachment/forum/202001/15/194533fl15vof0lg0970o0.jpg.thumb.jpg
https://www.mymypic.net/data/attachment/forum/202001/15/194534326e9jegk6q1riwk.jpg.thumb.jpg
https://www.mymypic.net/data/attachment/forum/202001/15/194536o6ftxfz4s6okdpd2.jpg.thumb.jpg
https://www.mymypic.net/data/attachment/forum/202001/15/194600acp3h2g5f3dc59cm.jpg.thumb.jpg
https://www.mymypic.net/data/attachment/forum/202001/15/194601m1eussvvov1avitr.jpg.thumb.jpg
https://www.mymypic.net/data/attachment/forum/202001/15/194603pk4a3m1kgkvmi4p3.jpg.thumb.jpg
https://www.mymypic.net/data/attachment/forum/202001/15/194604k6kpjoiiw80sone8.jpg.thumb.jpg